// Jest Snapshot v1, https://goo.gl/fbAQLP

exports[`<ClusterCredentialsModal /> doesn't render when closed 1`] = `""`;

exports[`<ClusterCredentialsModal /> renders correctly 1`] = `
<MessageDialog
  accessibleDescription=""
  accessibleName=""
  className=""
  enforceFocus={true}
  footer={null}
  icon={
    <Icon
      name="key"
      type="pf"
    />
  }
  onHide={[MockFunction]}
  primaryAction={[MockFunction]}
  primaryActionButtonBsStyle="primary"
  primaryActionButtonContent="Close"
  primaryContent={
    <React.Fragment>
      <p>
        You can copy your administrator credentials here. Note that these credentials are temporary and should be changed manually from within the cluster. Once changed, the credentials available here will become invalid.
      </p>
    </React.Fragment>
  }
  secondaryAction={[Function]}
  secondaryActionButtonBsStyle="default"
  secondaryActionButtonContent={null}
  secondaryContent={
    <React.Fragment>
      <CopyToClipboard
        onCopy={[Function]}
        text="foo"
      >
        <span
          style={
            Object {
              "margin": "10px",
            }
          }
        >
          <button
            id="copyUsername"
            tabIndex="0"
            type="button"
          >
            <span
              aria-hidden="true"
              className="fa fa-paste"
            />
              Copy Username
          </button>
        </span>
      </CopyToClipboard>
      <CopyToClipboard
        onCopy={[Function]}
        text="bar"
      >
        <span
          style={
            Object {
              "margin": "10px",
            }
          }
        >
          <button
            id="copyPassword"
            tabIndex="0"
            type="button"
          >
            <span
              aria-hidden="true"
              className="fa fa-paste"
            />
              Copy Password
          </button>
        </span>
      </CopyToClipboard>
    </React.Fragment>
  }
  show={true}
  title="Administrator Credentials"
/>
`;
