// Jest Snapshot v1, https://goo.gl/fbAQLP

exports[`<ClusterCredentialsModal /> doesn't render when closed 1`] = `""`;

exports[`<ClusterCredentialsModal /> renders correctly 1`] = `
<MessageDialog
  accessibleDescription=""
  accessibleName=""
  className=""
  enforceFocus={true}
  footer={null}
  icon={
    <Icon
      name="key"
      type="pf"
    />
  }
  onHide={[Function]}
  primaryAction={[Function]}
  primaryActionButtonBsStyle="primary"
  primaryActionButtonContent="Close"
  primaryContent={
    <React.Fragment>
      <p>
        Use this username and password to access the OpenShift Console. These credentials are temporary and should be changed manually, once you log in to the OpenShift Console. Once the password is changed, the credentials shown here will be invalid.
      </p>
    </React.Fragment>
  }
  secondaryAction={[Function]}
  secondaryActionButtonBsStyle="default"
  secondaryActionButtonContent={null}
  secondaryContent={
    <Grid
      bsClass="container"
      componentClass="div"
      fluid={true}
    >
      <Row
        bsClass="row"
        componentClass="div"
      >
        <Form
          bsClass="form"
          componentClass="form"
          horizontal={true}
          inline={true}
        >
          <FormGroup
            bsClass="form-group"
          >
            <Col
              bsClass="col"
              componentClass={[Function]}
              sm={3}
            >
              Username
            </Col>
            <Col
              bsClass="col"
              componentClass="div"
              sm={9}
            >
              <FormControl
                bsClass="form-control"
                componentClass="input"
                type="text"
                value="foo"
              />
              <OverlayTrigger
                defaultOverlayShown={false}
                overlay={
                  <Tooltip
                    bsClass="tooltip"
                    id="copypassword"
                    placement="right"
                  >
                    Copy to clipboard
                  </Tooltip>
                }
                placement="left"
                shouldUpdatePosition={false}
                trigger={
                  Array [
                    "hover",
                    "focus",
                  ]
                }
              >
                <CopyToClipboard
                  onCopy={[Function]}
                  text="foo"
                >
                  <Button
                    active={false}
                    block={false}
                    bsClass="btn"
                    bsStyle="default"
                    className="clustercredentials-copy-button"
                    disabled={false}
                  >
                    <Icon
                      name="paste"
                      size="xs"
                      type="fa"
                    />
                  </Button>
                </CopyToClipboard>
              </OverlayTrigger>
            </Col>
          </FormGroup>
        </Form>
      </Row>
      <Row
        bsClass="row"
        className="clustercredentials-password-row"
        componentClass="div"
      >
        <Form
          bsClass="form"
          componentClass="form"
          horizontal={true}
          inline={true}
        >
          <FormGroup
            bsClass="form-group"
          >
            <Col
              bsClass="col"
              componentClass={[Function]}
              sm={3}
            >
              Password
            </Col>
            <Col
              bsClass="col"
              componentClass="div"
              sm={9}
            >
              <FormControl
                bsClass="form-control"
                componentClass="input"
                type="text"
                value="****"
              />
              <OverlayTrigger
                defaultOverlayShown={false}
                overlay={
                  <Tooltip
                    bsClass="tooltip"
                    id="copypassword"
                    placement="right"
                  >
                    Copy to clipboard
                  </Tooltip>
                }
                placement="left"
                shouldUpdatePosition={false}
                trigger={
                  Array [
                    "hover",
                    "focus",
                  ]
                }
              >
                <CopyToClipboard
                  onCopy={[Function]}
                  text="bar"
                >
                  <Button
                    active={false}
                    block={false}
                    bsClass="btn"
                    bsStyle="default"
                    className="clustercredentials-copy-button"
                    disabled={false}
                  >
                    <Icon
                      name="paste"
                      size="xs"
                      type="fa"
                    />
                  </Button>
                </CopyToClipboard>
              </OverlayTrigger>
            </Col>
          </FormGroup>
        </Form>
      </Row>
    </Grid>
  }
  show={true}
  title="Administrator Credentials"
/>
`;
