// Jest Snapshot v1, https://goo.gl/fbAQLP

exports[`<SubscriptionSettings /> should render for OCP 1`] = `
<Card
  className="ocm-c-overview-subscription-settings__card"
>
  <CardTitle
    className="ocm-c-overview-subscription-settings__card--header"
  >
    <Title
      className="card-title"
      headingLevel="h2"
    >
      Subscription settings
    </Title>
  </CardTitle>
  <CardBody
    className="ocm-c-overview-subscription-settings__card--body"
  >
    <Grid>
      <GridItem
        md={6}
      >
        <DescriptionList>
          <DescriptionListGroup>
            <DescriptionListTerm>
              Subscription type
            </DescriptionListTerm>
            <DescriptionListDescription>
              Not set
            </DescriptionListDescription>
          </DescriptionListGroup>
          <DescriptionListGroup>
            <DescriptionListTerm>
              Service level agreement (SLA)
            </DescriptionListTerm>
            <DescriptionListDescription>
              Premium
            </DescriptionListDescription>
          </DescriptionListGroup>
          <DescriptionListGroup>
            <DescriptionListTerm>
              Support type
            </DescriptionListTerm>
            <DescriptionListDescription>
              Red Hat support (L1-L3)
            </DescriptionListDescription>
            <DescriptionListDescription>
              <Button
                isDisabled={false}
                isInline={true}
                onClick={[Function]}
                variant="link"
              >
                Edit subscription settings
              </Button>
            </DescriptionListDescription>
          </DescriptionListGroup>
        </DescriptionList>
      </GridItem>
      <GridItem
        md={6}
      >
        <DescriptionList>
          <DescriptionListGroup>
            <DescriptionListTerm>
              Cluster usage
            </DescriptionListTerm>
            <DescriptionListDescription>
              Production
            </DescriptionListDescription>
          </DescriptionListGroup>
          <DescriptionListGroup>
            <DescriptionListTerm>
              Subscription units
            </DescriptionListTerm>
            <DescriptionListDescription>
              Cores/vCPUs 
            </DescriptionListDescription>
          </DescriptionListGroup>
          <DescriptionListGroup>
            <DescriptionListTerm>
              Number of compute cores
            </DescriptionListTerm>
            <DescriptionListDescription>
              16 cores
            </DescriptionListDescription>
          </DescriptionListGroup>
        </DescriptionList>
      </GridItem>
    </Grid>
  </CardBody>
</Card>
`;
