// Jest Snapshot v1, https://goo.gl/fbAQLP

exports[`<UninstallProgress /> should render 1`] = `
<ProgressStepper>
  <ProgressStep
    description="Pending"
    id="addOnCleanUp"
    titleId="addOnCleanUp-title"
    variant="pending"
  >
    Add-on uninstallation
  </ProgressStep>
  <ProgressStep
    description="Pending"
    id="clusterUninstall"
    titleId="clusterUninstall-title"
    variant="pending"
  >
    Cluster uninstallation
  </ProgressStep>
</ProgressStepper>
`;
