// Jest Snapshot v1, https://goo.gl/fbAQLP

exports[`<CopyPullSecret /> with error link-inplace should render 1`] = `
<AnalyticsWrapper
  render={[Function]}
/>
`;

exports[`<CopyPullSecret /> with error link-tooltip should render 1`] = `
<Tooltip
  content="Copied!"
  isVisible={false}
  position="right"
  trigger="manual"
>
  <AnalyticsWrapper
    render={[Function]}
  />
</Tooltip>
`;

exports[`<CopyPullSecret /> with token link-inplace should render 1`] = `
<AnalyticsWrapper
  render={[Function]}
/>
`;

exports[`<CopyPullSecret /> with token link-tooltip should render 1`] = `
<Tooltip
  content="Copied!"
  isVisible={false}
  position="right"
  trigger="manual"
>
  <AnalyticsWrapper
    render={[Function]}
  />
</Tooltip>
`;
