// Jest Snapshot v1, https://goo.gl/fbAQLP

exports[`<DownloadsPage> renders 1`] = `
<Fragment>
  <PageTitle
    title="Downloads"
  />
  <PageSection>
    <PageSection
      variant="light"
    >
      <Stack
        hasGutter={true}
      >
        <StackItem>
          <Title
            headingLevel="h2"
          >
            Command-line interface (CLI) tools
          </Title>
        </StackItem>
        <StackItem>
          <Text>
            Download command line tools to manage and work with OpenShift from your terminal.
          </Text>
          <Table
            aria-label="CLI tools table"
            borders={true}
            canSelectAll={true}
            canSortFavorites={true}
            cells={
              Array [
                Object {
                  "cellFormatters": Array [
                    [Function],
                  ],
                  "title": null,
                  "transforms": Array [
                    [Function],
                  ],
                },
                Object {
                  "title": "Name",
                  "transforms": Array [
                    [Function],
                  ],
                },
                Object {
                  "title": "OS type",
                  "transforms": Array [
                    [Function],
                  ],
                },
                Object {
                  "title": "Architecture type",
                  "transforms": Array [
                    [Function],
                  ],
                },
                Object {
                  "title": "",
                  "transforms": Array [
                    [Function],
                  ],
                },
              ]
            }
            className=""
            contentId="expanded-content"
            dropdownDirection="down"
            dropdownPosition="right"
            expandId="expandable-toggle"
            gridBreakPoint="grid-md"
            isStickyHeader={false}
            isTreeTable={false}
            onCollapse={[Function]}
            ouiaSafe={true}
            role="grid"
            rowLabeledBy="simple-node"
            rows={
              Array [
                Object {
                  "cells": Array [
                    "",
                    "OpenShift command-line interface (oc)",
                    Object {
                      "title": <FormSelect
                        aria-label="select-os-dropdown"
                        className=""
                        isDisabled={false}
                        isRequired={false}
                        onBlur={[Function]}
                        onChange={[Function]}
                        onFocus={[Function]}
                        ouiaSafe={true}
                        validated="default"
                        value="linux"
                      >
                        <FormSelectOption
                          isDisabled={true}
                          label="Select OS"
                          value="select"
                        />
                        <FormSelectOption
                          label="Linux"
                          value="linux"
                        />
                        <FormSelectOption
                          label="MacOS"
                          value="mac"
                        />
                        <FormSelectOption
                          label="Windows"
                          value="windows"
                        />
                      </FormSelect>,
                    },
                    Object {
                      "title": <FormSelect
                        aria-label="select-arch-dropdown"
                        className=""
                        isDisabled={false}
                        isRequired={false}
                        onBlur={[Function]}
                        onChange={[Function]}
                        onFocus={[Function]}
                        ouiaSafe={true}
                        validated="default"
                        value="x86"
                      >
                        <FormSelectOption
                          isDisabled={true}
                          label="Select architecture"
                          value="select"
                        />
                        <FormSelectOption
                          label="x86_64"
                          value="x86"
                        />
                        <FormSelectOption
                          label="ppc64le"
                          value="ppc"
                        />
                        <FormSelectOption
                          label="s390x"
                          value="s390x"
                        />
                      </FormSelect>,
                    },
                    Object {
                      "title": <DownloadButton
                        text="Download"
                        tool="CLI_TOOLS"
                        url="https://mirror.openshift.com/pub/openshift-v4/clients/ocp/stable/openshift-client-linux.tar.gz"
                      />,
                    },
                  ],
                  "isOpen": false,
                  "tool": "CLI_TOOLS",
                },
                Object {
                  "cells": Array [
                    Object {
                      "title": <React.Fragment>
                        <Text>
                          Create applications and manage OpenShift projects from the command line using the OpenShift CLI (oc).
                        </Text>
                        <Text>
                          Get started with the OpenShift CLI for
                          <ExternalLink
                            href="https://docs.openshift.com/container-platform/latest/cli_reference/openshift_cli/getting-started-cli.html"
                          >
                            OpenShift Container Platform (OCP)
                          </ExternalLink>
                           
                          or
                           
                          <ExternalLink
                            href="https://access.redhat.com/documentation/en-us/openshift_dedicated/4/html/cli_tools/index"
                          >
                            OpenShift Dedicated (OSD)
                          </ExternalLink>
                          .
                        </Text>
                      </React.Fragment>,
                    },
                  ],
                  "fullWidth": true,
                  "parent": 0,
                },
                Object {
                  "cells": Array [
                    "",
                    "Red Hat OpenShift Service on AWS (ROSA) command-line interface (rosa CLI)",
                    Object {
                      "title": <FormSelect
                        aria-label="select-os-dropdown"
                        className=""
                        isDisabled={false}
                        isRequired={false}
                        onBlur={[Function]}
                        onChange={[Function]}
                        onFocus={[Function]}
                        ouiaSafe={true}
                        validated="default"
                        value="linux"
                      >
                        <FormSelectOption
                          isDisabled={true}
                          label="Select OS"
                          value="select"
                        />
                        <FormSelectOption
                          label="Linux"
                          value="linux"
                        />
                        <FormSelectOption
                          label="MacOS"
                          value="mac"
                        />
                        <FormSelectOption
                          label="Windows"
                          value="windows"
                        />
                      </FormSelect>,
                    },
                    Object {
                      "title": <FormSelect
                        aria-label="select-arch-dropdown"
                        className=""
                        isDisabled={true}
                        isRequired={false}
                        onBlur={[Function]}
                        onChange={[Function]}
                        onFocus={[Function]}
                        ouiaSafe={true}
                        validated="default"
                        value="x86"
                      >
                        <FormSelectOption
                          isDisabled={true}
                          label="Select architecture"
                          value="select"
                        />
                        <FormSelectOption
                          label="x86_64"
                          value="x86"
                        />
                      </FormSelect>,
                    },
                    Object {
                      "title": <DownloadButton
                        text="Download"
                        tool="ROSA"
                        url="https://mirror.openshift.com/pub/openshift-v4/x86_64/clients/rosa/latest/rosa-linux.tar.gz"
                      />,
                    },
                  ],
                  "isOpen": false,
                  "tool": "ROSA",
                },
                Object {
                  "cells": Array [
                    Object {
                      "title": <Text>
                        Manage your Red Hat OpenShift Service on AWS (ROSA) clusters from the command line using the rosa CLI.
                         
                        <ExternalLink
                          href="https://docs.openshift.com/rosa/rosa_cli/rosa-get-started-cli.html"
                        >
                          Get started with rosa CLI
                        </ExternalLink>
                      </Text>,
                    },
                  ],
                  "fullWidth": true,
                  "parent": 2,
                },
              ]
            }
            selectVariant="checkbox"
            variant={null}
          >
            <TableHeader />
            <Component />
          </Table>
        </StackItem>
        <StackItem>
          <Title
            headingLevel="h2"
          >
            Developer tools
          </Title>
        </StackItem>
        <StackItem>
          <Text>
            Access all the powers of Kubernetes through a simplified workflow with Red Hat’s developer tools.
             
            <ExternalLink
              href="https://developers.redhat.com/topics/developer-tools"
            >
              Learn more
            </ExternalLink>
          </Text>
          <Table
            aria-label="Developer tools table"
            borders={true}
            canSelectAll={true}
            canSortFavorites={true}
            cells={
              Array [
                Object {
                  "cellFormatters": Array [
                    [Function],
                  ],
                  "title": null,
                  "transforms": Array [
                    [Function],
                  ],
                },
                Object {
                  "title": "Name",
                  "transforms": Array [
                    [Function],
                  ],
                },
                Object {
                  "title": "OS type",
                  "transforms": Array [
                    [Function],
                  ],
                },
                Object {
                  "title": "Architecture type",
                  "transforms": Array [
                    [Function],
                  ],
                },
                Object {
                  "title": "",
                  "transforms": Array [
                    [Function],
                  ],
                },
              ]
            }
            className=""
            contentId="expanded-content"
            dropdownDirection="down"
            dropdownPosition="right"
            expandId="expandable-toggle"
            gridBreakPoint="grid-md"
            isStickyHeader={false}
            isTreeTable={false}
            onCollapse={[Function]}
            ouiaSafe={true}
            role="grid"
            rowLabeledBy="simple-node"
            rows={
              Array [
                Object {
                  "cells": Array [
                    "",
                    "Developer-focused CLI for OpenShift (odo)",
                    Object {
                      "title": <FormSelect
                        aria-label="select-os-dropdown"
                        className=""
                        isDisabled={false}
                        isRequired={false}
                        onBlur={[Function]}
                        onChange={[Function]}
                        onFocus={[Function]}
                        ouiaSafe={true}
                        validated="default"
                        value="linux"
                      >
                        <FormSelectOption
                          isDisabled={true}
                          label="Select OS"
                          value="select"
                        />
                        <FormSelectOption
                          label="Linux"
                          value="linux"
                        />
                        <FormSelectOption
                          label="MacOS"
                          value="mac"
                        />
                        <FormSelectOption
                          label="Windows"
                          value="windows"
                        />
                      </FormSelect>,
                    },
                    Object {
                      "title": <FormSelect
                        aria-label="select-arch-dropdown"
                        className=""
                        isDisabled={false}
                        isRequired={false}
                        onBlur={[Function]}
                        onChange={[Function]}
                        onFocus={[Function]}
                        ouiaSafe={true}
                        validated="default"
                        value="x86"
                      >
                        <FormSelectOption
                          isDisabled={true}
                          label="Select architecture"
                          value="select"
                        />
                        <FormSelectOption
                          label="x86_64"
                          value="x86"
                        />
                        <FormSelectOption
                          label="arm64"
                          value="arm"
                        />
                        <FormSelectOption
                          label="ppc64le"
                          value="ppc"
                        />
                        <FormSelectOption
                          label="s390x"
                          value="s390x"
                        />
                      </FormSelect>,
                    },
                    Object {
                      "title": <DownloadButton
                        text="Download"
                        tool="ODO"
                        url="https://mirror.openshift.com/pub/openshift-v4/clients/odo/latest/odo-linux-amd64"
                      />,
                    },
                  ],
                  "isOpen": false,
                  "tool": "ODO",
                },
                Object {
                  "cells": Array [
                    Object {
                      "title": <Text>
                        Write, build, and deploy applications on OpenShift with odo, a fast, iterative, and straightforward CLI tool for developers.
                         
                        <ExternalLink
                          href="https://docs.openshift.com/container-platform/latest/cli_reference/developer_cli_odo/understanding-odo.html"
                        >
                          Learn more
                        </ExternalLink>
                      </Text>,
                    },
                  ],
                  "fullWidth": true,
                  "parent": 0,
                },
                Object {
                  "cells": Array [
                    "",
                    "Helm 3 CLI",
                    Object {
                      "title": <FormSelect
                        aria-label="select-os-dropdown"
                        className=""
                        isDisabled={false}
                        isRequired={false}
                        onBlur={[Function]}
                        onChange={[Function]}
                        onFocus={[Function]}
                        ouiaSafe={true}
                        validated="default"
                        value="linux"
                      >
                        <FormSelectOption
                          isDisabled={true}
                          label="Select OS"
                          value="select"
                        />
                        <FormSelectOption
                          label="Linux"
                          value="linux"
                        />
                        <FormSelectOption
                          label="MacOS"
                          value="mac"
                        />
                        <FormSelectOption
                          label="Windows"
                          value="windows"
                        />
                      </FormSelect>,
                    },
                    Object {
                      "title": <FormSelect
                        aria-label="select-arch-dropdown"
                        className=""
                        isDisabled={false}
                        isRequired={false}
                        onBlur={[Function]}
                        onChange={[Function]}
                        onFocus={[Function]}
                        ouiaSafe={true}
                        validated="default"
                        value="x86"
                      >
                        <FormSelectOption
                          isDisabled={true}
                          label="Select architecture"
                          value="select"
                        />
                        <FormSelectOption
                          label="x86_64"
                          value="x86"
                        />
                        <FormSelectOption
                          label="ppc64le"
                          value="ppc"
                        />
                        <FormSelectOption
                          label="s390x"
                          value="s390x"
                        />
                      </FormSelect>,
                    },
                    Object {
                      "title": <DownloadButton
                        text="Download"
                        tool="HELM"
                        url="https://mirror.openshift.com/pub/openshift-v4/x86_64/clients/helm/latest/helm-linux-amd64"
                      />,
                    },
                  ],
                  "isOpen": false,
                  "tool": "HELM",
                },
                Object {
                  "cells": Array [
                    Object {
                      "title": <Text>
                        Define, install, and upgrade application packages as Helm charts using Helm 3, a package manager for Kubernetes.
                         
                        <ExternalLink
                          href="https://docs.openshift.com/container-platform/latest/cli_reference/helm_cli/getting-started-with-helm-on-openshift-container-platform.html"
                        >
                          Learn more
                        </ExternalLink>
                      </Text>,
                    },
                  ],
                  "fullWidth": true,
                  "parent": 2,
                },
              ]
            }
            selectVariant="checkbox"
            variant={null}
          >
            <TableHeader />
            <Component />
          </Table>
        </StackItem>
        <StackItem>
          <Title
            headingLevel="h2"
          >
            OpenShift installation
          </Title>
        </StackItem>
        <StackItem>
          <Text>
            Install OpenShift based on your infrastructure. Start by downloading the installer, then follow the steps provided within your infrastructure's tab on the
             
            <Link
              to="/create"
            >
              create cluster
            </Link>
             
            page to install an OpenShift cluster.
          </Text>
          <Table
            aria-label="OpenShift installation table"
            borders={true}
            canSelectAll={true}
            canSortFavorites={true}
            cells={
              Array [
                Object {
                  "cellFormatters": Array [
                    [Function],
                  ],
                  "title": null,
                  "transforms": Array [
                    [Function],
                  ],
                },
                Object {
                  "title": "Name",
                  "transforms": Array [
                    [Function],
                  ],
                },
                Object {
                  "title": "OS type",
                  "transforms": Array [
                    [Function],
                  ],
                },
                Object {
                  "title": "Architecture type",
                  "transforms": Array [
                    [Function],
                  ],
                },
                Object {
                  "title": "",
                  "transforms": Array [
                    [Function],
                  ],
                },
              ]
            }
            className=""
            contentId="expanded-content"
            dropdownDirection="down"
            dropdownPosition="right"
            expandId="expandable-toggle"
            gridBreakPoint="grid-md"
            isStickyHeader={false}
            isTreeTable={false}
            onCollapse={[Function]}
            ouiaSafe={true}
            role="grid"
            rowLabeledBy="simple-node"
            rows={
              Array [
                Object {
                  "cells": Array [
                    "",
                    "OpenShift Installer",
                    Object {
                      "title": <FormSelect
                        aria-label="select-os-dropdown"
                        className=""
                        isDisabled={false}
                        isRequired={false}
                        onBlur={[Function]}
                        onChange={[Function]}
                        onFocus={[Function]}
                        ouiaSafe={true}
                        validated="default"
                        value="linux"
                      >
                        <FormSelectOption
                          isDisabled={true}
                          label="Select OS"
                          value="select"
                        />
                        <FormSelectOption
                          label="Linux"
                          value="linux"
                        />
                        <FormSelectOption
                          label="MacOS"
                          value="mac"
                        />
                      </FormSelect>,
                    },
                    Object {
                      "title": <FormSelect
                        aria-label="select-arch-dropdown"
                        className=""
                        isDisabled={false}
                        isRequired={false}
                        onBlur={[Function]}
                        onChange={[Function]}
                        onFocus={[Function]}
                        ouiaSafe={true}
                        validated="default"
                        value="x86"
                      >
                        <FormSelectOption
                          isDisabled={true}
                          label="Select architecture"
                          value="select"
                        />
                        <FormSelectOption
                          label="x86_64"
                          value="x86"
                        />
                        <FormSelectOption
                          label="ppc64le"
                          value="ppc"
                        />
                        <FormSelectOption
                          label="s390x"
                          value="s390x"
                        />
                      </FormSelect>,
                    },
                    Object {
                      "title": <DownloadButton
                        text="Download"
                        tool="INSTALLER"
                        url="https://mirror.openshift.com/pub/openshift-v4/clients/ocp/stable/openshift-install-linux.tar.gz"
                      />,
                    },
                  ],
                  "isOpen": false,
                  "tool": "INSTALLER",
                },
                Object {
                  "cells": Array [
                    Object {
                      "title": <Stack>
                        <StackItem>
                          Download and extract your operating system's installation program and place the file in the directory where you'll store your configuration details. After installing OpenShift, create clusters on supported infrastructure using our
                           
                          <ExternalLink
                            href="https://docs.openshift.com/container-platform/latest/installing/index.html"
                          >
                            documentation
                          </ExternalLink>
                           
                          as a guide.
                        </StackItem>
                        <StackItem>
                          Learn how to deploy in the
                           
                          <Link
                            to="/create"
                          >
                            cloud
                          </Link>
                          , or in your
                           
                          <Link
                            to="/create/datacenter"
                          >
                            data center
                          </Link>
                          .
                        </StackItem>
                      </Stack>,
                    },
                  ],
                  "fullWidth": true,
                  "parent": 0,
                },
                Object {
                  "cells": Array [
                    "",
                    "CodeReady Containers",
                    Object {
                      "title": <FormSelect
                        aria-label="select-os-dropdown"
                        className=""
                        isDisabled={false}
                        isRequired={false}
                        onBlur={[Function]}
                        onChange={[Function]}
                        onFocus={[Function]}
                        ouiaSafe={true}
                        validated="default"
                        value="linux"
                      >
                        <FormSelectOption
                          isDisabled={true}
                          label="Select OS"
                          value="select"
                        />
                        <FormSelectOption
                          label="Linux"
                          value="linux"
                        />
                        <FormSelectOption
                          label="MacOS"
                          value="mac"
                        />
                        <FormSelectOption
                          label="Windows"
                          value="windows"
                        />
                      </FormSelect>,
                    },
                    Object {
                      "title": <FormSelect
                        aria-label="select-arch-dropdown"
                        className=""
                        isDisabled={true}
                        isRequired={false}
                        onBlur={[Function]}
                        onChange={[Function]}
                        onFocus={[Function]}
                        ouiaSafe={true}
                        validated="default"
                        value="x86"
                      >
                        <FormSelectOption
                          isDisabled={true}
                          label="Select architecture"
                          value="select"
                        />
                        <FormSelectOption
                          label="x86_64"
                          value="x86"
                        />
                      </FormSelect>,
                    },
                    Object {
                      "title": <DownloadButton
                        text="Download"
                        tool="CRC"
                        url="https://developers.redhat.com/content-gateway/rest/mirror/pub/openshift-v4/clients/crc/latest/crc-linux-amd64.tar.xz"
                      />,
                    },
                  ],
                  "isOpen": false,
                  "tool": "CRC",
                },
                Object {
                  "cells": Array [
                    Object {
                      "title": <Stack>
                        <StackItem>
                          Download and open the CodeReady Containers file to automatically start a step-by-step installation guide.
                        </StackItem>
                        <StackItem>
                          <Link
                            to="/create/local"
                          >
                            Create a minimal cluster on your desktop
                          </Link>
                          for local development and testing.
                        </StackItem>
                      </Stack>,
                    },
                  ],
                  "fullWidth": true,
                  "parent": 2,
                },
              ]
            }
            selectVariant="checkbox"
            variant={null}
          >
            <TableHeader />
            <Component />
          </Table>
        </StackItem>
      </Stack>
    </PageSection>
  </PageSection>
</Fragment>
`;
