// Jest Snapshot v1, https://goo.gl/fbAQLP

exports[`<ClusterListFilterChipGroup /> should render 1`] = `
<Split
  data-testid="cluster-list-filter-chipgroup"
>
  <SplitItem>
    <ChipGroup
      aria-label="Chip group category"
      categoryName=""
      closeBtnAriaLabel="Close chip group"
      collapsedText="\${remaining} more"
      defaultIsOpen={false}
      expandedText="Show Less"
      isClosable={false}
      numChips={3}
      onClick={[Function]}
      onOverflowChipClick={[Function]}
      tooltipPosition="top"
    >
      <ChipGroup
        aria-label="Chip group category"
        categoryName="Cluster type"
        closeBtnAriaLabel="Close chip group"
        collapsedText="\${remaining} more"
        defaultIsOpen={false}
        expandedText="Show Less"
        isClosable={false}
        key="chipgroup-plan_id"
        numChips={3}
        onClick={[Function]}
        onOverflowChipClick={[Function]}
        tooltipPosition="top"
      >
        <Chip
          className=""
          closeBtnAriaLabel="close"
          component="div"
          isOverflowChip={false}
          isReadOnly={false}
          key="OSD"
          onClick={[Function]}
          tooltipPosition="top"
        >
          OSD
        </Chip>
      </ChipGroup>
    </ChipGroup>
  </SplitItem>
  <SplitItem>
    <Button
      onClick={[Function]}
      variant="link"
    >
      Clear filters
    </Button>
  </SplitItem>
</Split>
`;
