// Jest Snapshot v1, https://goo.gl/fbAQLP

exports[`<ClusterOperators /> should render 1`] = `
<Table
  actionsMenuAppendTo="inline"
  aria-label="operators"
  borders={false}
  canCollapseAll={false}
  canSelectAll={true}
  canSortFavorites={true}
  cells={
    Array [
      Object {
        "title": "Name",
      },
      Object {
        "title": "Status",
      },
      Object {
        "title": "Version",
      },
    ]
  }
  className=""
  collapseAllAriaLabel=""
  contentId="expanded-content"
  dropdownDirection="down"
  dropdownPosition="right"
  expandId="expandable-toggle"
  gridBreakPoint="grid-md"
  isHeaderSelectDisabled={false}
  isNested={false}
  isStickyHeader={false}
  isTreeTable={false}
  ouiaSafe={true}
  role="grid"
  rowLabeledBy="simple-node"
  rows={Array []}
  selectVariant="checkbox"
  variant="compact"
>
  <TableHeader />
  <TableBody />
</Table>
`;
