// Jest Snapshot v1, https://goo.gl/fbAQLP

exports[`<Monitoring /> should render 1`] = `
<Fragment>
  <ClusterHealthCard
    discoveredIssues={null}
    lastCheckIn=""
  />
  <Card
    id="monitoring"
  >
    <CardHeader>
      <Title
        className="card-title"
        headingLevel="h2"
        size="md"
      >
        Status
      </Title>
    </CardHeader>
    <CardBody>
      <MonitoringList
        alerts={Object {}}
        cluster={Object {}}
        nodes={Object {}}
        operators={Object {}}
        resourceUsage={Object {}}
      />
    </CardBody>
  </Card>
</Fragment>
`;
