// Jest Snapshot v1, https://goo.gl/fbAQLP

exports[`<ActionRequiredModal /> should render correctly 1`] = `
<Modal
  actions={Array []}
  appendTo={[Function]}
  aria-describedby=""
  aria-label=""
  aria-labelledby=""
  className=""
  hasNoBodyWrapper={false}
  isOpen={true}
  onClose={[Function]}
  ouiaSafe={true}
  showClose={true}
  title="Action required to continue installation"
  titleIconVariant={null}
  titleLabel=""
  variant="medium"
>
  <TextContent>
    <p>
      You must create the
       
      <b>
        operator roles
      </b>
       
      and
       
      <b>
        OIDC provider
      </b>
       
      to complete cluster installation.
    </p>
    <p>
      Copy and run the following commands:
    </p>
    <p>
      <ClipboardCopy
        additionalActions={null}
        clickTip="Successfully copied to clipboard!"
        entryDelay={300}
        exitDelay={1600}
        hoverTip="Copy to clipboard"
        isCode={false}
        isExpanded={false}
        isReadOnly={true}
        maxWidth="150px"
        onChange={[Function]}
        onCopy={[Function]}
        position="top"
        switchDelay={2000}
        textAriaLabel="Copyable input"
        toggleAriaLabel="Show content"
        variant="inline"
      >
        rosa create operatorroles --mode manual -c test-liza
      </ClipboardCopy>
    </p>
    <p>
      <ClipboardCopy
        additionalActions={null}
        clickTip="Successfully copied to clipboard!"
        entryDelay={300}
        exitDelay={1600}
        hoverTip="Copy to clipboard"
        isCode={false}
        isExpanded={false}
        isReadOnly={true}
        maxWidth="150px"
        onChange={[Function]}
        onCopy={[Function]}
        position="top"
        switchDelay={2000}
        textAriaLabel="Copyable input"
        toggleAriaLabel="Show content"
        variant="inline"
      >
        rosa create oidcprovider --mode manual -c test-liza
      </ClipboardCopy>
    </p>
    <p>
      The options above will be available until the operator roles and OIDC provider are detected.
    </p>
  </TextContent>
</Modal>
`;
