// Jest Snapshot v1, https://goo.gl/fbAQLP

exports[`<ClusterLogs /> should render 1`] = `
<Fragment>
  <Card
    className="ocm-c-overview-cluster-history__card"
  >
    <CardHeader
      className="ocm-c-overview-cluster-history__card--header"
    >
      <CardTitle
        className="ocm-c-overview-cluster-history__card--header"
      >
        <Title
          className="card-title"
          headingLevel="h2"
        >
          Cluster history
        </Title>
      </CardTitle>
      <CardActions>
        Updated  
      </CardActions>
    </CardHeader>
    <CardBody
      className="ocm-c-overview-cluster-history__card--body"
    >
      <Connect(ClusterLogsToolbar)
        clusterID="1i4counta3holamvo1g5tp6n8p3a03bq"
        externalClusterID="bae5b227-2472-4e71-be4d-a18fc60bb48a"
        history={
          Object {
            "push": [MockFunction],
          }
        }
        isPendingNoData={false}
        view="CLUSTER_LOGS_VIEW"
      />
      <LogTable
        pending={false}
        setSorting={[MockFunction]}
      />
      <Connect(ViewPaginationRow)
        isDisabled={false}
        variant="bottom"
        viewType="CLUSTER_LOGS_VIEW"
      />
    </CardBody>
  </Card>
</Fragment>
`;
