// Jest Snapshot v1, https://goo.gl/fbAQLP

exports[`<TokensMOA /> Renders loading screen 1`] = `
<Fragment>
  <PageHeader>
    <PageHeaderTitle
      title="Red Hat Managed OpenShift on AWS"
    />
  </PageHeader>
  <PageSection>
    <Card
      className="ins-c-card__skeleton"
    >
      <CardHeader>
        <Skeleton
          isDark={false}
          size="md"
        />
      </CardHeader>
      <CardBody>
        <Skeleton
          isDark={false}
          size="lg"
        />
      </CardBody>
      <CardFooter>
        <Skeleton
          isDark={false}
          size="sm"
        />
      </CardFooter>
    </Card>
  </PageSection>
</Fragment>
`;

exports[`<TokensMOA /> Renders token 1`] = `
<Fragment>
  <PageHeader>
    <PageHeaderTitle
      title="Red Hat Managed OpenShift on AWS"
    />
  </PageHeader>
  <PageSection>
    <Card>
      <CardHeader>
        <h2>
          Fully managed OpenShift clusters
        </h2>
      </CardHeader>
      <CardBody>
        <p>
          Red Hat Managed OpenShift on AWS is a managed service that makes it easy for you to use OpenShift on AWS without needing to install, operate or upgrade your own OpenShift (Kubernetes) cluster.
        </p>
        <p>
          Download and install the 
          <a
            href="https://github.com/openshift/moactl/releases/latest"
          >
            moactl
          </a>
           command-line utility and use the Offline Access Token to authenticate against your Red Hat OpenShift Cluster Manager account.
        </p>
        <div
          className="token-value"
        >
          <ClipboardCopy
            clickTip="Successfully copied to clipboard!"
            entryDelay={100}
            exitDelay={1600}
            hoverTip="Copy to clipboard"
            isCode={false}
            isExpanded={false}
            isReadOnly={true}
            maxWidth="150px"
            onChange={[Function]}
            onCopy={[Function]}
            position="top"
            switchDelay={2000}
            textAriaLabel="Copyable input"
            toggleAriaLabel="Show content"
            variant="inline"
          >
            hello offline access token!
          </ClipboardCopy>
        </div>
        <p>
          Copy it, and then use it to authenticate with the 
          <a
            href="https://github.com/openshift/moactl/releases/latest"
          >
            moactl
          </a>
           command-line utility:
        </p>
        <div
          className="token-snippet"
        >
          <pre>
            moactl login --token="\\
hello offline access token!\\
"
          </pre>
        </div>
        <p>
          Run 
          <code>
            moactl login --help
          </code>
           to get more information.
        </p>
        <a
          className="pull-left"
          href="https://github.com/jeremyeder/quickstart"
          rel="noopener noreferrer"
          target="_blank"
        >
          <Component
            variant="primary"
          >
            Go back to AWS quickstart
          </Component>
        </a>
      </CardBody>
    </Card>
  </PageSection>
</Fragment>
`;
