// Jest Snapshot v1, https://goo.gl/fbAQLP

exports[`<HibernateClusterModal /> renders correctly 1`] = `
<Card
  id="hibernatingClusterCard"
>
  <CardBody>
    <EmptyState
      variant="large"
    >
      <EmptyStateIcon
        className="status-icon"
        icon={[Function]}
      />
      <Title
        headingLevel="h4"
        size="lg"
      >
        Cluster is currently hibernating
      </Title>
      <EmptyStateBody>
        The cluster is not utilizing any infrastructure and all operations will not be available
      </EmptyStateBody>
      <EmptyStateSecondaryActions>
        <ButtonWithTooltip
          disableReason="You do not have permission to resume from hibernation. Only cluster owners and organization administrators can change hibernation state."
          onClick={[Function]}
          variant="link"
        >
          Resume from Hibernation
        </ButtonWithTooltip>
      </EmptyStateSecondaryActions>
    </EmptyState>
  </CardBody>
</Card>
`;
