// Jest Snapshot v1, https://goo.gl/fbAQLP

exports[`<AddOnsCard /> renders correctly 1`] = `
<Card
  className="ocm-c-addons__card"
  isHoverable={true}
  isSelectable={true}
  isSelected={true}
  key="dummy-id"
  onClick={[MockFunction]}
  ouiaId="card-addon-dummy-id"
>
  <CardHeader
    className="ocm-c-addons__card--header"
  >
    <CardHeaderMain />
  </CardHeader>
  <CardTitle>
    Dummy Name
  </CardTitle>
  <CardBody
    className="ocm-c-addons__card--body"
  >
    Lorem ipsum dolor sit amet, consectetur adipiscing elit, ...
  </CardBody>
  <CardFooter>
    <AddOnStateLabel
      addOn={
        Object {
          "description": "Lorem ipsum dolor sit amet, consectetur adipiscing elit, sed do eiusmod tempor incididunt ut labore et dolore magna aliqua. Ut enim ad minim veniam, quis nostrud exercitation ullamco laboris nisi ut aliquip ex ea commodo consequat. Duis aute irure dolor in reprehenderit in voluptate velit esse cillum dolore eu fugiat nulla pariatur. Excepteur sint occaecat cupidatat non proident, sunt in culpa qui officia deserunt mollit anim id est laborum",
          "enabled": true,
          "has_external_resources": false,
          "hidden": false,
          "id": "dummy-id",
          "kind": "AddOn",
          "label": "api.openshift.com/dummy",
          "name": "Dummy Name",
          "operator_name": "dummy-operator",
          "parameters": Object {
            "items": Array [
              Object {
                "enabled": true,
                "id": "dummy item",
              },
            ],
          },
        }
      }
      installedAddOn={
        Object {
          "state": "ready",
        }
      }
      requirements={
        Object {
          "errorMsgs": Array [],
          "fulfilled": true,
        }
      }
    />
  </CardFooter>
</Card>
`;
