// Jest Snapshot v1, https://goo.gl/fbAQLP

exports[`InstallAWS renders correctly 1`] = `
<Fragment>
  <InstructionsChooserPageTitle
    breadcrumbs={
      <Breadcrumbs
        path={
          Array [
            Object {
              "label": "Clusters",
            },
            Object {
              "label": "Cluster Type",
              "path": "/create",
            },
            Object {
              "label": "Amazon Web Services",
            },
          ]
        }
      />
    }
    cloudName="AWS"
  />
  <PageSection>
    <InstructionsChooser
      ipiPageLink="/install/aws/installer-provisioned"
      upiPageLink="/install/aws/user-provisioned"
    />
  </PageSection>
</Fragment>
`;
