// Jest Snapshot v1, https://goo.gl/fbAQLP

exports[`BareMetal UPI install renders correctly 1`] = `
<Fragment>
  <PageTitle
    breadcrumbs={
      <Breadcrumbs
        path={
          Array [
            Object {
              "label": "Clusters",
            },
            Object {
              "label": "Create",
              "path": "/create",
            },
            Object {
              "label": "Bare Metal",
              "path": "/install/metal",
            },
            Object {
              "label": "User-provisioned infrastructure",
            },
          ]
        }
      />
    }
    title="Install OpenShift on Bare Metal with user-provisioned infrastructure"
  />
  <PageSection>
    <OCPInstructions
      breadcrumbs={
        <Breadcrumbs
          path={
            Array [
              Object {
                "label": "Clusters",
              },
              Object {
                "label": "Create",
                "path": "/create",
              },
              Object {
                "label": "Bare Metal",
                "path": "/install/metal",
              },
              Object {
                "label": "User-provisioned infrastructure",
              },
            ]
          }
        />
      }
      channel="stable"
      cloudProviderID="bareMetal"
      customizations="https://docs.openshift.com/container-platform/latest/installing/installing_bare_metal/installing-bare-metal-network-customizations.html"
      displayRHCOSSection={true}
      docURL="https://docs.openshift.com/container-platform/latest/installing/installing_bare_metal/installing-bare-metal.html"
      installer="X86INSTALLER"
      isBMIPI={false}
      rhcosAdditionalInstructions="Download the installer ISO image and the compressed metal RAW."
      rhcosDownloads={
        Array [
          Object {
            "buttonText": "Download RHCOS ISO",
            "name": "OCP-Download-RHCOS-ISO",
            "url": "https://mirror.openshift.com/pub/openshift-v4/dependencies/rhcos/latest/latest/rhcos-live.x86_64.iso",
          },
          Object {
            "buttonText": "Download RHCOS RAW",
            "name": "OCP-Download-RHCOS-RAW",
            "url": "https://mirror.openshift.com/pub/openshift-v4/dependencies/rhcos/latest/latest/rhcos-metal.x86_64.raw.gz",
          },
        ]
      }
      rhcosLearnMoreURL="https://docs.openshift.com/container-platform/latest/installing/installing_bare_metal/installing-bare-metal.html#creating-machines-bare-metal"
      title="Install OpenShift on Bare Metal with user-provisioned infrastructure"
      token={Object {}}
    />
  </PageSection>
</Fragment>
`;
