// Jest Snapshot v1, https://goo.gl/fbAQLP

exports[`ARM Bare Metal install renders correctly 1`] = `
<Fragment>
  <InstructionsChooserPageTitle
    breadcrumbs={
      <Breadcrumbs
        path={
          Array [
            Object {
              "label": "Clusters",
            },
            Object {
              "label": "Cluster Type",
              "path": "/create",
            },
            Object {
              "label": "ARM Bare Metal",
            },
          ]
        }
      />
    }
    cloudName="ARM Bare Metal"
  />
  <PageSection>
    <InstructionsChooser
      aiPageLink="/assisted-installer/clusters/~new?useArm=true"
      ipiPageLink="/install/arm/installer-provisioned"
      providerSpecificFeatures={
        Object {
          "ipi": Array [
            "Hosts controlled with baseboard management controller (BMC)",
            "For air-gapped/restricted networks",
          ],
          "upi": Array [
            "For air-gapped/restricted networks",
          ],
        }
      }
      showAI={true}
      upiPageLink="/install/arm/user-provisioned"
    />
  </PageSection>
</Fragment>
`;
