// Jest Snapshot v1, https://goo.gl/fbAQLP

exports[`InstallOSP renders correctly 1`] = `
<Fragment>
  <InstructionsChooserPageTitle
    breadcrumbs={
      <Breadcrumbs
        path={
          Array [
            Object {
              "label": "Clusters",
            },
            Object {
              "label": "Create",
              "path": "/create",
            },
            Object {
              "label": "Red Hat OpenStack Platform",
            },
          ]
        }
      />
    }
    cloudName="OpenStack"
  />
  <PageSection>
    <InstructionsChooser
      ipiPageLink="/install/openstack/installer-provisioned"
      upiPageLink="/install/openstack/user-provisioned"
    />
  </PageSection>
</Fragment>
`;
