// Jest Snapshot v1, https://goo.gl/fbAQLP

exports[`InstallASHUPI renders correctly 1`] = `
<Fragment>
  <PageTitle
    breadcrumbs={
      <Breadcrumbs
        path={
          Array [
            Object {
              "label": "Clusters",
            },
            Object {
              "label": "Cluster Type",
              "path": "/create",
            },
            Object {
              "label": "Microsoft Azure Stack Hub",
              "path": "/install/azure-stack-hub",
            },
            Object {
              "label": "User-provisioned infrastructure",
            },
          ]
        }
      />
    }
    title="Install OpenShift on Azure Stack Hub with user-provisioned infrastructure"
  />
  <PageSection>
    <OCPInstructions
      channel="stable"
      cloudProviderID="ash"
      docURL="https://docs.openshift.com/container-platform/4.11/installing/installing_azure_stack_hub/installing-azure-stack-hub-user-infra.html"
      installer="x86_64-openshift-install"
      isBMIPI={false}
      isUPI={true}
      rhcos={
        Object {
          "downloads": Array [
            Object {
              "buttonText": "Download RHCOS VHD",
              "name": "OCP-Download-RHCOS-VHD",
              "url": "https://mirror.openshift.com/pub/openshift-v4/x86_64/dependencies/rhcos/latest/rhcos-azurestack.x86_64.vhd.gz",
            },
          ],
          "learnMoreURL": "https://docs.openshift.com/container-platform/4.11/installing/installing_azure_stack_hub/installing-azure-stack-hub-user-infra.html#installation-azure-user-infra-uploading-rhcos_installing-azure-stack-hub-user-infra",
        }
      }
      title="Install OpenShift on Azure Stack Hub with user-provisioned infrastructure"
      token={Object {}}
    />
  </PageSection>
</Fragment>
`;
