// Jest Snapshot v1, https://goo.gl/fbAQLP

exports[`InstallVSphereIPI renders correctly 1`] = `
<Fragment>
  <PageTitle
    breadcrumbs={
      <Breadcrumbs
        path={
          Array [
            Object {
              "label": "Clusters",
            },
            Object {
              "label": "Cluster Type",
              "path": "/create",
            },
            Object {
              "label": "VMware vSphere",
              "path": "/install/vsphere",
            },
            Object {
              "label": "Installer-provisioned infrastructure",
            },
          ]
        }
      />
    }
    title="Install OpenShift on vSphere with installer-provisioned infrastructure"
  />
  <PageSection>
    <OCPInstructions
      channel="stable"
      cloudProviderID="vsphere"
      customizations="https://docs.openshift.com/container-platform/4.13/installing/installing_vsphere/installing-vsphere-installer-provisioned-customizations.html"
      docURL="https://docs.openshift.com/container-platform/4.13/installing/installing_vsphere/installing-vsphere-installer-provisioned.html"
      installer="x86_64-openshift-install"
      isBMIPI={false}
      isUPI={false}
      title="Install OpenShift on vSphere with installer-provisioned infrastructure"
      token={Object {}}
    />
  </PageSection>
</Fragment>
`;
