// Jest Snapshot v1, https://goo.gl/fbAQLP

exports[`InstallPullSecret renders correctly 1`] = `
<AppPage
  title="Install OpenShift 4 | Pull Secret"
>
  <PageTitle
    breadcrumbs={
      <Breadcrumbs
        path={
          Array [
            Object {
              "label": "Downloads",
              "path": "/downloads",
            },
            Object {
              "label": "Pull secret",
            },
          ]
        }
      />
    }
    title="Install OpenShift Container Platform 4"
  />
  <PageSection
    className="ocp-instructions"
  >
    <InstructionsPullSecret
      token={Object {}}
    />
  </PageSection>
</AppPage>
`;
