// Jest Snapshot v1, https://goo.gl/fbAQLP

exports[`InstallNutanixIPI renders correctly 1`] = `
<AppPage
  title="Install OpenShift 4 | Red Hat OpenShift Cluster Manager | Nutanix AOS Installer-Provisioned Infrastructure"
>
  <PageTitle
    breadcrumbs={
      <Breadcrumbs
        path={
          Array [
            Object {
              "label": "Clusters",
            },
            Object {
              "label": "Cluster Type",
              "path": "/create",
            },
            Object {
              "label": "Nutanix AOS",
              "path": "/install/nutanix",
            },
            Object {
              "label": "Installer-provisioned infrastructure",
            },
          ]
        }
      />
    }
    title="Install OpenShift on Nutanix AOS with installer-provisioned infrastructure"
  />
  <PageSection>
    <OCPInstructions
      channel="stable"
      cloudProviderID="nutanix"
      docURL="https://docs.openshift.com/container-platform/4.13/installing/installing_nutanix/preparing-to-install-on-nutanix.html"
      installer="x86_64-openshift-install"
      isBMIPI={false}
      isUPI={false}
      title="Install OpenShift on Nutanix AOS with installer-provisioned infrastructure"
      token={Object {}}
    />
  </PageSection>
</AppPage>
`;
