// Jest Snapshot v1, https://goo.gl/fbAQLP

exports[`InstallPower renders correctly 1`] = `
<Fragment>
  <PageTitle
    breadcrumbs={
      <Breadcrumbs
        path={
          Array [
            Object {
              "label": "Clusters",
            },
            Object {
              "label": "Cluster Type",
              "path": "/create",
            },
            Object {
              "label": "IBM PowerVS (ppc64le)",
            },
          ]
        }
      />
    }
    title="Install OpenShift on IBM Power Systems Virtual Server with installer-provisioned infrastructure"
  />
  <PageSection>
    <OCPInstructions
      breadcrumbs={
        <Breadcrumbs
          path={
            Array [
              Object {
                "label": "Clusters",
              },
              Object {
                "label": "Cluster Type",
                "path": "/create",
              },
              Object {
                "label": "IBM PowerVS (ppc64le)",
              },
            ]
          }
        />
      }
      channel="stable"
      cloudProviderID="ibmCloud"
      docURL="https://docs.openshift.com/container-platform/4.13/installing/installing_ibm_powervs/preparing-to-install-on-ibm-power-vs.html"
      installer="ppc64le-openshift-install"
      isBMIPI={false}
      isUPI={false}
      prerequisites="https://docs.openshift.com/container-platform/4.13/installing/installing_ibm_powervs/preparing-to-install-on-ibm-power-vs.html"
      showPreReleaseDocs={true}
      title="Install OpenShift on IBM Power Systems Virtual Server with installer-provisioned infrastructure"
      token={Object {}}
    />
  </PageSection>
</Fragment>
`;
