// Jest Snapshot v1, https://goo.gl/fbAQLP

exports[`<InsightsAdvisorCard /> When no Advisor recommendations (no rule hits) renders empty state 1`] = `
<Card
  className="ocm-insights--advisor-card"
  ouiaId="insightsAdvisor"
>
  <CardBody
    className="ocm-insights--advisor-card__body"
  >
    <AdvisorEmptyState />
  </CardBody>
</Card>
`;
