// Jest Snapshot v1, https://goo.gl/fbAQLP

exports[`<AccessControl /> should render 1`] = `
<div
  className="cluster-details-user-tab-contents"
>
  <Connect(IDPSection)
    canEdit={true}
    clusterConsoleURL="https://console-openshift-console.apps.example.com"
    clusterHibernating={false}
    clusterID="fake id"
    isReadOnly={false}
  />
  <Connect(UsersSection)
    cluster={
      Object {
        "canEdit": true,
        "id": "fake id",
      }
    }
    clusterHibernating={false}
    isReadOnly={false}
  />
  <Connect(NetworkSelfServiceSection)
    canEdit={true}
    clusterHibernating={false}
    clusterID="fake id"
    isReadOnly={false}
  />
</div>
`;
