// Jest Snapshot v1, https://goo.gl/fbAQLP

exports[`<ClusterListEmptyState /> renders correctly 1`] = `
<EmptyState
  className="cluster-list-empty-state"
  variant="large"
>
  <EmptyStateIcon
    icon={[Function]}
  />
  <Title
    headingLevel="h4"
    size="2xl"
  >
    Let's create your first cluster
  </Title>
  <EmptyStateBody>
    You don't have any clusters yet, but you can easily create or register your first OpenShift 4 cluster.
  </EmptyStateBody>
  <Link
    to="/create"
  >
    <Button
      className="pf-u-mt-xl"
      data-testid="create_cluster_btn"
    >
      Create cluster
    </Button>
  </Link>
  <EmptyStateSecondaryActions>
    <Link
      to="/register"
    >
      <Button
        variant="link"
      >
        Register cluster
      </Button>
    </Link>
    <Link
      to="/archived"
    >
      <Button
        variant="link"
      >
        View cluster archives
      </Button>
    </Link>
    <Connect(Component) />
  </EmptyStateSecondaryActions>
</EmptyState>
`;
