// Jest Snapshot v1, https://goo.gl/fbAQLP

exports[`<ClusterListEmptyState /> renders correctly 1`] = `
<EmptyState
  className="cluster-list-empty-state"
  variant="large"
>
  <EmptyStateIcon
    color="#c00"
    icon={[Function]}
  />
  <Title
    headingLevel="h4"
    size="2xl"
  >
    No OpenShift clusters to display
  </Title>
  <EmptyStateBody>
    The Red Hat OpenShift Cluster Manager helps you create, register, and manage OpenShift 4 clusters. To get started, create your first cluster.
  </EmptyStateBody>
  <Link
    replace={false}
    to="/create"
  >
    <Button
      id="cluster-list-emptystate-primary-action"
    >
      Create Cluster
    </Button>
  </Link>
  <EmptyStateSecondaryActions>
    <Link
      replace={false}
      to="/register"
    >
      <Button
        variant="link"
      >
        Register disconnected cluster
      </Button>
    </Link>
    <Link
      replace={false}
      to="/archived"
    >
      <Button
        variant="link"
      >
        View archived clusters
      </Button>
    </Link>
  </EmptyStateSecondaryActions>
</EmptyState>
`;
