// Jest Snapshot v1, https://goo.gl/fbAQLP

exports[`<ClusterListEmptyState /> renders correctly 1`] = `
<EmptyState
  variant="large"
>
  <EmptyStateIcon
    color="#c00"
    icon={[Function]}
  />
  <Title
    headingLevel="h4"
    size="2xl"
  >
    No OpenShift clusters to display
  </Title>
  <EmptyStateBody>
    The Red Hat OpenShift Cluster Manager helps you create, register, and manage OpenShift 4 clusters. To get started, create your first cluster.
  </EmptyStateBody>
  <Link
    replace={false}
    to="/create"
  >
    <Button>
      Create Cluster
    </Button>
  </Link>
</EmptyState>
`;
