// Jest Snapshot v1, https://goo.gl/fbAQLP

exports[`CreateOSDForm; should render 1`] = `
<Fragment>
  <GridItem
    span={12}
  >
    <Title
      headingLevel="h3"
    >
      Billing model
    </Title>
  </GridItem>
  <BillingModelSection
    byocSelected={false}
    hasBYOCquota={false}
    hasStandardQuota={true}
    openModal={[MockFunction]}
    toggleBYOCFields={[Function]}
  />
  <GridItem
    span={12}
  >
    <Title
      headingLevel="h3"
    >
      Cluster details
    </Title>
  </GridItem>
  <BasicFieldsSection
    change={[MockFunction]}
    cloudProviderID="aws"
    handleMultiAZChange={[Function]}
    isBYOC={false}
    isMultiAz={false}
    pending={false}
    quota={
      Object {
        "hasQuota": true,
        "multiAz": Object {
          "available": 1,
        },
        "singleAz": Object {
          "available": 1,
        },
        "totalAvailable": 1,
      }
    }
    showAvailability={false}
    showDNSBaseDomain={false}
  />
  <GridItem
    span={12}
  >
    <Title
      headingLevel="h3"
    >
      Scale
    </Title>
    <p>
      The number and instance type of compute nodes in your cluster. After cluster creation you will be able to change the number of compute nodes in your cluster, but you will not be able to change the worker node instance type.
    </p>
  </GridItem>
  <ScaleSection
    cloudProviderID="aws"
    handleMachineTypesChange={[Function]}
    isBYOC={false}
    isMultiAz={false}
    machineType=""
    pending={false}
    product="OSD"
  />
  <NetworkingSection
    cloudProviderID="aws"
    isAWSCCS={false}
    isMultiAz={false}
    mode="basic"
    privateClusterSelected={false}
    showClusterPrivacy={true}
    toggleNetwork={[Function]}
  />
</Fragment>
`;
