// Jest Snapshot v1, https://goo.gl/fbAQLP

exports[`<ClusterListFilterDropdown /> should render 1`] = `
<Dropdown
  dropdownItems={
    Array [
      <DropdownGroup
        label="Cluster type"
      >
        <DropdownItem>
          <div>
            <Checkbox
              className="pf-c-dropdown__menu-item"
              id="OSD"
              isChecked={false}
              isDisabled={false}
              isValid={true}
              label="OSD"
              onChange={[Function]}
            />
          </div>
        </DropdownItem>
        <DropdownItem>
          <div>
            <Checkbox
              className="pf-c-dropdown__menu-item"
              id="OCP"
              isChecked={false}
              isDisabled={false}
              isValid={true}
              label="OCP"
              onChange={[Function]}
            />
          </div>
        </DropdownItem>
      </DropdownGroup>,
    ]
  }
  isGrouped={true}
  isOpen={false}
  toggle={
    <DropdownToggle
      onToggle={[Function]}
    >
      <FilterIcon
        color="currentColor"
        noVerticalAlign={false}
        size="sm"
      />
       
      Filter
    </DropdownToggle>
  }
/>
`;
