// Jest Snapshot v1, https://goo.gl/fbAQLP

exports[`<ClusterStatusMonitor /> Displays warning when install takes longer 1`] = `
<span>
  <Alert
    isInline={true}
    title=" Installation is taking longer than expected"
    variant="warning"
  />
  <br />
</span>
`;

exports[`<ClusterStatusMonitor /> renders an alert when cluster is errored 1`] = `
<Alert
  isInline={true}
  title="Cluster creation failed"
  variant="danger"
>
  <Flex
    direction={
      Object {
        "default": "column",
      }
    }
  >
    <FlexItem>
      OCM1002 Invalid AWS credentials (authentication)
    </FlexItem>
    <FlexItem>
      <Flex
        direction={
          Object {
            "default": "row",
          }
        }
      >
        <FlexItem>
          <ExternalLink
            href="https://access.redhat.com/support/cases/#/case/new"
            noIcon={true}
          >
            Contact support
          </ExternalLink>
        </FlexItem>
      </Flex>
    </FlexItem>
  </Flex>
</Alert>
`;

exports[`<ClusterStatusMonitor /> renders null when no error 1`] = `""`;
