// Jest Snapshot v1, https://goo.gl/fbAQLP

exports[`<AddOnsDrawer /> should render 1`] = `
<Fragment>
  <Drawer
    className="ocm-addons-tab--addon-drawer pf-m-inline-on-2xl"
    isExpanded={false}
    isInline={true}
  >
    <DrawerContent
      className="pf-m-no-background ocm-c-addons__drawer--panel-gallery"
      panelContent={
        <DrawerPanelContent
          className="ocm-c-addons__drawer--panel-content"
        >
          <DrawerHead
            className="ocm-c-addons__drawer--header"
          >
            <Grid
              hasGutter={true}
            >
              <GridItem
                span={3}
              />
              <GridItem
                span={9}
              >
                <Title
                  headingLevel="h2"
                  size="xl"
                />
              </GridItem>
            </Grid>
            <DrawerActions>
              <DrawerCloseButton
                onClick={[Function]}
              />
            </DrawerActions>
          </DrawerHead>
          <DrawerPanelBody>
            <AddOnStateLabel
              addOn={null}
              installedAddOn={null}
              requirements={
                Object {
                  "errorMsgs": Array [],
                  "fulfilled": true,
                }
              }
            />
          </DrawerPanelBody>
          <div>
            <Tabs
              activeKey={0}
              component="div"
              inset={
                Object {
                  "2xl": "insetLg",
                  "default": "insetNone",
                  "md": "insetSm",
                  "xl": "inset2xl",
                }
              }
              isBox={false}
              isFilled={false}
              isSecondary={false}
              isVertical={false}
              leftScrollAriaLabel="Scroll left"
              mountOnEnter={false}
              onSelect={[Function]}
              ouiaSafe={true}
              rightScrollAriaLabel="Scroll right"
              unmountOnExit={false}
              variant="default"
            >
              <Tab
                eventKey={0}
                title={
                  <TabTitleText>
                    Details
                  </TabTitleText>
                }
              >
                <DrawerPanelBody
                  className="ocm-addons-tab--drawer-panel-body"
                >
                  <Flex
                    direction={
                      Object {
                        "default": "column",
                      }
                    }
                    spaceItems={
                      Object {
                        "default": "spaceItemsLg",
                      }
                    }
                  >
                    <FlexItem />
                    <AddOnsMetaDataItem />
                    <AddOnsParameterList
                      activeCard={null}
                      cluster={
                        Object {
                          "activity_timestamp": "2021-01-11T11:55:29Z",
                          "addons": Object {
                            "href": "/api/clusters_mgmt/v1/clusters/1i4counta3holamvo1g5tp6n8p3a03bq/addons",
                            "kind": "AddOnInstallationListLink",
                          },
                          "api": Object {
                            "listening": "external",
                            "url": "https://api.test-liza.wiex.s1.devshift.org:6443",
                          },
                          "aws_infrastructure_access_role_grants": Object {
                            "href": "/api/clusters_mgmt/v1/clusters/1i4counta3holamvo1g5tp6n8p3a03bq/aws_infrastructure_access_role_grants",
                            "items": null,
                            "kind": "AWSInfrastructureAccessRoleGrantLink",
                          },
                          "ccs": Object {
                            "disable_scp_checks": false,
                            "enabled": false,
                          },
                          "cloud_provider": Object {
                            "href": "/api/clusters_mgmt/v1/cloud_providers/aws",
                            "id": "aws",
                            "kind": "CloudProviderLink",
                          },
                          "console": Object {
                            "url": "https://console-openshift-console.apps.test-liza.wiex.s1.devshift.org",
                          },
                          "creation_timestamp": "2021-01-10T15:17:16.278663Z",
                          "display_name": "test-liza",
                          "dns": Object {
                            "base_domain": "wiex.s1.devshift.org",
                          },
                          "etcd_encryption": false,
                          "expiration_timestamp": "2021-01-12T03:17:14.999204Z",
                          "external_configuration": Object {
                            "href": "/api/clusters_mgmt/v1/clusters/1i4counta3holamvo1g5tp6n8p3a03bq/external_configuration",
                            "kind": "ExternalConfiguration",
                            "labels": Object {
                              "href": "/api/clusters_mgmt/v1/clusters/1i4counta3holamvo1g5tp6n8p3a03bq/external_configuration/labels",
                              "kind": "LabelListLink",
                            },
                            "syncsets": Object {
                              "href": "/api/clusters_mgmt/v1/clusters/1i4counta3holamvo1g5tp6n8p3a03bq/external_configuration/syncsets",
                              "kind": "SyncsetListLink",
                            },
                          },
                          "external_id": "bae5b227-2472-4e71-be4d-a18fc60bb48a",
                          "flavour": Object {
                            "href": "/api/clusters_mgmt/v1/flavours/osd-4",
                            "id": "osd-4",
                            "kind": "FlavourLink",
                          },
                          "groups": Object {
                            "href": "/api/clusters_mgmt/v1/clusters/1i4counta3holamvo1g5tp6n8p3a03bq/groups",
                            "kind": "GroupListLink",
                          },
                          "health_state": "healthy",
                          "href": "/api/clusters_mgmt/v1/clusters/1i4counta3holamvo1g5tp6n8p3a03bq",
                          "id": "1i4counta3holamvo1g5tp6n8p3a03bq",
                          "identity_providers": Object {
                            "href": "/api/clusters_mgmt/v1/clusters/1i4counta3holamvo1g5tp6n8p3a03bq/identity_providers",
                            "kind": "IdentityProviderListLink",
                          },
                          "infra_id": "test-liza-d7vkd",
                          "ingresses": Object {
                            "href": "/api/clusters_mgmt/v1/clusters/1i4counta3holamvo1g5tp6n8p3a03bq/ingresses",
                            "id": "1i4counta3holamvo1g5tp6n8p3a03bq",
                            "kind": "IngressListLink",
                          },
                          "kind": "Cluster",
                          "load_balancer_quota": 0,
                          "machine_pools": Object {
                            "href": "/api/clusters_mgmt/v1/clusters/1i4counta3holamvo1g5tp6n8p3a03bq/machine_pools",
                            "kind": "MachinePoolListLink",
                          },
                          "managed": true,
                          "metrics": Object {
                            "compute_nodes_cpu": Object {
                              "total": Object {
                                "unit": "",
                                "value": 16,
                              },
                            },
                            "compute_nodes_memory": Object {
                              "total": Object {
                                "unit": "B",
                                "value": 65835802624,
                              },
                            },
                            "compute_nodes_sockets": Object {
                              "total": Object {
                                "unit": "",
                                "value": 0,
                              },
                            },
                            "cpu": Object {
                              "total": Object {
                                "unit": "",
                                "value": 36,
                              },
                              "updated_timestamp": "2021-01-11T11:55:29Z",
                              "used": Object {
                                "unit": "",
                                "value": 3.8904761904758463,
                              },
                            },
                            "memory": Object {
                              "total": Object {
                                "unit": "B",
                                "value": 147469647872,
                              },
                              "updated_timestamp": "2021-01-11T11:55:29Z",
                              "used": Object {
                                "unit": "B",
                                "value": 28802600960,
                              },
                            },
                            "nodes": Object {
                              "compute": 4,
                              "infra": 2,
                              "master": 3,
                              "total": 9,
                            },
                            "sockets": Object {
                              "total": Object {
                                "unit": "",
                                "value": 0,
                              },
                              "used": Object {
                                "unit": "",
                                "value": 0,
                              },
                            },
                            "storage": Object {
                              "total": Object {
                                "unit": "B",
                                "value": 0,
                              },
                              "used": Object {
                                "unit": "B",
                                "value": 0,
                              },
                            },
                            "upgrade": Object {
                              "available": false,
                              "updated_timestamp": "2021-01-11T11:55:29Z",
                            },
                            "version_update_available": false,
                          },
                          "multi_az": false,
                          "name": "test-liza",
                          "network": Object {
                            "host_prefix": 23,
                            "machine_cidr": "10.0.0.0/16",
                            "pod_cidr": "10.128.0.0/14",
                            "service_cidr": "172.30.0.0/16",
                          },
                          "node_drain_grace_period": Object {
                            "unit": "minutes",
                            "value": 60,
                          },
                          "nodes": Object {
                            "availability_zones": Array [
                              "us-east-1a",
                            ],
                            "compute": 4,
                            "compute_machine_type": Object {
                              "href": "/api/clusters_mgmt/v1/machine_types/m5.xlarge",
                              "id": "m5.xlarge",
                              "kind": "MachineTypeLink",
                            },
                            "infra": 2,
                            "master": 3,
                            "master_machine_type": Object {
                              "href": "/api/clusters_mgmt/v1/machine_types/m5.xlarge",
                              "id": "m5.xlarge",
                              "kind": "MachineTypeLink",
                            },
                          },
                          "openshift_version": "4.6.8",
                          "product": Object {
                            "id": "OSD",
                          },
                          "region": Object {
                            "href": "/api/clusters_mgmt/v1/cloud_providers/aws/regions/us-east-1",
                            "id": "us-east-1",
                            "kind": "CloudRegionLink",
                          },
                          "state": "ready",
                          "status": Object {
                            "dns_ready": true,
                            "provision_error_code": "",
                            "provision_error_message": "",
                            "state": "ready",
                          },
                          "storage_quota": Object {
                            "unit": "B",
                            "value": 107374182400,
                          },
                          "subscription": Object {
                            "capabilities": Array [
                              Object {
                                "inherited": true,
                                "name": "capability.cluster.subscribed_ocp",
                                "value": "true",
                              },
                              Object {
                                "inherited": true,
                                "name": "capability.cluster.manage_cluster_admin",
                                "value": "true",
                              },
                            ],
                            "cloud_provider_id": "aws",
                            "cluster_id": "1i4counta3holamvo1g5tp6n8p3a03bq",
                            "console_url": "https://console-openshift-console.apps.test-liza.wiex.s1.devshift.org",
                            "cpu_total": 8,
                            "created_at": "2021-01-10T15:17:15.19112Z",
                            "creator": Object {
                              "email": "***REMOVED***",
                              "href": "/api/accounts_mgmt/v1/accounts/1MRilA9vHlOUX9ui3lx6IohSsaS",
                              "id": "1MRilA9vHlOUX9ui3lx6IohSsaS",
                              "kind": "Account",
                              "name": "Liza Gilman",
                              "username": "egilman.openshift",
                            },
                            "display_name": "test-liza",
                            "external_cluster_id": "bae5b227-2472-4e71-be4d-a18fc60bb48a",
                            "href": "/api/accounts_mgmt/v1/subscriptions/1msoogsgTLQ4PePjrTOt3UqvMzX",
                            "id": "1msoogsgTLQ4PePjrTOt3UqvMzX",
                            "kind": "Subscription",
                            "last_reconcile_date": "0001-01-01T00:00:00Z",
                            "last_released_at": "0001-01-01T00:00:00Z",
                            "last_telemetry_date": "2021-01-11T03:59:48.224585Z",
                            "managed": true,
                            "metrics": Array [
                              Object {
                                "HealthState": "healthy",
                                "cloud_provider": "aws",
                                "compute_nodes_cpu": Object {
                                  "total": Object {
                                    "unit": "",
                                    "value": 24,
                                  },
                                  "updated_timestamp": "1970-01-01T00:00:00Z",
                                  "used": Object {
                                    "unit": "",
                                    "value": 0,
                                  },
                                },
                                "compute_nodes_memory": Object {
                                  "total": Object {
                                    "unit": "B",
                                    "value": 98489344000,
                                  },
                                  "updated_timestamp": "1970-01-01T00:00:00Z",
                                  "used": Object {
                                    "unit": "B",
                                    "value": 0,
                                  },
                                },
                                "compute_nodes_sockets": Object {
                                  "total": Object {
                                    "unit": "",
                                    "value": 0,
                                  },
                                  "updated_timestamp": "1970-01-01T00:00:00Z",
                                  "used": Object {
                                    "unit": "",
                                    "value": 0,
                                  },
                                },
                                "console_url": "https://console-openshift-console.apps.test-liza.wiex.s1.devshift.org",
                                "cpu": Object {
                                  "total": Object {
                                    "unit": "",
                                    "value": 36,
                                  },
                                  "updated_timestamp": "2021-01-11T11:55:10.517Z",
                                  "used": Object {
                                    "unit": "",
                                    "value": 3.8904761904758463,
                                  },
                                },
                                "critical_alerts_firing": 0,
                                "memory": Object {
                                  "total": Object {
                                    "unit": "B",
                                    "value": 147469647872,
                                  },
                                  "updated_timestamp": "2021-01-11T11:55:10.448Z",
                                  "used": Object {
                                    "unit": "B",
                                    "value": 28802600960,
                                  },
                                },
                                "nodes": Object {
                                  "compute": 4,
                                  "infra": 2,
                                  "master": 3,
                                  "total": 9,
                                },
                                "open_shift_version": "4.6.8",
                                "operating_system": "",
                                "operators_condition_failing": 0,
                                "region": "us-east-1",
                                "sockets": Object {
                                  "total": Object {
                                    "unit": "",
                                    "value": 0,
                                  },
                                  "updated_timestamp": "1970-01-01T00:00:00Z",
                                  "used": Object {
                                    "unit": "",
                                    "value": 0,
                                  },
                                },
                                "state": "ready",
                                "state_description": "",
                                "storage": Object {
                                  "total": Object {
                                    "unit": "B",
                                    "value": 0,
                                  },
                                  "updated_timestamp": "1970-01-01T00:00:00Z",
                                  "used": Object {
                                    "unit": "B",
                                    "value": 0,
                                  },
                                },
                                "subscription_cpu_total": 8,
                                "subscription_socket_total": 4,
                                "upgrade": Object {
                                  "updated_timestamp": "2021-01-11T11:55:10.206Z",
                                },
                              },
                            ],
                            "organization_id": "1MKVU4otCIuogoLtgtyU6wajxjW",
                            "plan": Object {
                              "href": "/api/accounts_mgmt/v1/plans/OSD",
                              "id": "OSD",
                              "kind": "Plan",
                            },
                            "provenance": "Provisioning",
                            "region_id": "us-east-1",
                            "socket_total": 4,
                            "status": "Active",
                            "support_level": "Premium",
                            "updated_at": "2021-01-11T03:59:48.224622Z",
                          },
                          "upgrade_channel_group": "stable",
                          "version": Object {
                            "channel_group": "stable",
                            "href": "/api/clusters_mgmt/v1/versions/openshift-v4.6.8",
                            "id": "openshift-v4.6.8",
                            "kind": "Version",
                          },
                        }
                      }
                      installedAddOn={null}
                      openModal={[MockFunction]}
                    />
                  </Flex>
                </DrawerPanelBody>
                <DrawerPanelBody>
                  <AddOnsPrimaryButton
                    activeCard={null}
                    activeCardRequirementsFulfilled={true}
                    addClusterAddOn={[MockFunction]}
                    addClusterAddOnResponse={Object {}}
                    cluster={
                      Object {
                        "activity_timestamp": "2021-01-11T11:55:29Z",
                        "addons": Object {
                          "href": "/api/clusters_mgmt/v1/clusters/1i4counta3holamvo1g5tp6n8p3a03bq/addons",
                          "kind": "AddOnInstallationListLink",
                        },
                        "api": Object {
                          "listening": "external",
                          "url": "https://api.test-liza.wiex.s1.devshift.org:6443",
                        },
                        "aws_infrastructure_access_role_grants": Object {
                          "href": "/api/clusters_mgmt/v1/clusters/1i4counta3holamvo1g5tp6n8p3a03bq/aws_infrastructure_access_role_grants",
                          "items": null,
                          "kind": "AWSInfrastructureAccessRoleGrantLink",
                        },
                        "ccs": Object {
                          "disable_scp_checks": false,
                          "enabled": false,
                        },
                        "cloud_provider": Object {
                          "href": "/api/clusters_mgmt/v1/cloud_providers/aws",
                          "id": "aws",
                          "kind": "CloudProviderLink",
                        },
                        "console": Object {
                          "url": "https://console-openshift-console.apps.test-liza.wiex.s1.devshift.org",
                        },
                        "creation_timestamp": "2021-01-10T15:17:16.278663Z",
                        "display_name": "test-liza",
                        "dns": Object {
                          "base_domain": "wiex.s1.devshift.org",
                        },
                        "etcd_encryption": false,
                        "expiration_timestamp": "2021-01-12T03:17:14.999204Z",
                        "external_configuration": Object {
                          "href": "/api/clusters_mgmt/v1/clusters/1i4counta3holamvo1g5tp6n8p3a03bq/external_configuration",
                          "kind": "ExternalConfiguration",
                          "labels": Object {
                            "href": "/api/clusters_mgmt/v1/clusters/1i4counta3holamvo1g5tp6n8p3a03bq/external_configuration/labels",
                            "kind": "LabelListLink",
                          },
                          "syncsets": Object {
                            "href": "/api/clusters_mgmt/v1/clusters/1i4counta3holamvo1g5tp6n8p3a03bq/external_configuration/syncsets",
                            "kind": "SyncsetListLink",
                          },
                        },
                        "external_id": "bae5b227-2472-4e71-be4d-a18fc60bb48a",
                        "flavour": Object {
                          "href": "/api/clusters_mgmt/v1/flavours/osd-4",
                          "id": "osd-4",
                          "kind": "FlavourLink",
                        },
                        "groups": Object {
                          "href": "/api/clusters_mgmt/v1/clusters/1i4counta3holamvo1g5tp6n8p3a03bq/groups",
                          "kind": "GroupListLink",
                        },
                        "health_state": "healthy",
                        "href": "/api/clusters_mgmt/v1/clusters/1i4counta3holamvo1g5tp6n8p3a03bq",
                        "id": "1i4counta3holamvo1g5tp6n8p3a03bq",
                        "identity_providers": Object {
                          "href": "/api/clusters_mgmt/v1/clusters/1i4counta3holamvo1g5tp6n8p3a03bq/identity_providers",
                          "kind": "IdentityProviderListLink",
                        },
                        "infra_id": "test-liza-d7vkd",
                        "ingresses": Object {
                          "href": "/api/clusters_mgmt/v1/clusters/1i4counta3holamvo1g5tp6n8p3a03bq/ingresses",
                          "id": "1i4counta3holamvo1g5tp6n8p3a03bq",
                          "kind": "IngressListLink",
                        },
                        "kind": "Cluster",
                        "load_balancer_quota": 0,
                        "machine_pools": Object {
                          "href": "/api/clusters_mgmt/v1/clusters/1i4counta3holamvo1g5tp6n8p3a03bq/machine_pools",
                          "kind": "MachinePoolListLink",
                        },
                        "managed": true,
                        "metrics": Object {
                          "compute_nodes_cpu": Object {
                            "total": Object {
                              "unit": "",
                              "value": 16,
                            },
                          },
                          "compute_nodes_memory": Object {
                            "total": Object {
                              "unit": "B",
                              "value": 65835802624,
                            },
                          },
                          "compute_nodes_sockets": Object {
                            "total": Object {
                              "unit": "",
                              "value": 0,
                            },
                          },
                          "cpu": Object {
                            "total": Object {
                              "unit": "",
                              "value": 36,
                            },
                            "updated_timestamp": "2021-01-11T11:55:29Z",
                            "used": Object {
                              "unit": "",
                              "value": 3.8904761904758463,
                            },
                          },
                          "memory": Object {
                            "total": Object {
                              "unit": "B",
                              "value": 147469647872,
                            },
                            "updated_timestamp": "2021-01-11T11:55:29Z",
                            "used": Object {
                              "unit": "B",
                              "value": 28802600960,
                            },
                          },
                          "nodes": Object {
                            "compute": 4,
                            "infra": 2,
                            "master": 3,
                            "total": 9,
                          },
                          "sockets": Object {
                            "total": Object {
                              "unit": "",
                              "value": 0,
                            },
                            "used": Object {
                              "unit": "",
                              "value": 0,
                            },
                          },
                          "storage": Object {
                            "total": Object {
                              "unit": "B",
                              "value": 0,
                            },
                            "used": Object {
                              "unit": "B",
                              "value": 0,
                            },
                          },
                          "upgrade": Object {
                            "available": false,
                            "updated_timestamp": "2021-01-11T11:55:29Z",
                          },
                          "version_update_available": false,
                        },
                        "multi_az": false,
                        "name": "test-liza",
                        "network": Object {
                          "host_prefix": 23,
                          "machine_cidr": "10.0.0.0/16",
                          "pod_cidr": "10.128.0.0/14",
                          "service_cidr": "172.30.0.0/16",
                        },
                        "node_drain_grace_period": Object {
                          "unit": "minutes",
                          "value": 60,
                        },
                        "nodes": Object {
                          "availability_zones": Array [
                            "us-east-1a",
                          ],
                          "compute": 4,
                          "compute_machine_type": Object {
                            "href": "/api/clusters_mgmt/v1/machine_types/m5.xlarge",
                            "id": "m5.xlarge",
                            "kind": "MachineTypeLink",
                          },
                          "infra": 2,
                          "master": 3,
                          "master_machine_type": Object {
                            "href": "/api/clusters_mgmt/v1/machine_types/m5.xlarge",
                            "id": "m5.xlarge",
                            "kind": "MachineTypeLink",
                          },
                        },
                        "openshift_version": "4.6.8",
                        "product": Object {
                          "id": "OSD",
                        },
                        "region": Object {
                          "href": "/api/clusters_mgmt/v1/cloud_providers/aws/regions/us-east-1",
                          "id": "us-east-1",
                          "kind": "CloudRegionLink",
                        },
                        "state": "ready",
                        "status": Object {
                          "dns_ready": true,
                          "provision_error_code": "",
                          "provision_error_message": "",
                          "state": "ready",
                        },
                        "storage_quota": Object {
                          "unit": "B",
                          "value": 107374182400,
                        },
                        "subscription": Object {
                          "capabilities": Array [
                            Object {
                              "inherited": true,
                              "name": "capability.cluster.subscribed_ocp",
                              "value": "true",
                            },
                            Object {
                              "inherited": true,
                              "name": "capability.cluster.manage_cluster_admin",
                              "value": "true",
                            },
                          ],
                          "cloud_provider_id": "aws",
                          "cluster_id": "1i4counta3holamvo1g5tp6n8p3a03bq",
                          "console_url": "https://console-openshift-console.apps.test-liza.wiex.s1.devshift.org",
                          "cpu_total": 8,
                          "created_at": "2021-01-10T15:17:15.19112Z",
                          "creator": Object {
                            "email": "***REMOVED***",
                            "href": "/api/accounts_mgmt/v1/accounts/1MRilA9vHlOUX9ui3lx6IohSsaS",
                            "id": "1MRilA9vHlOUX9ui3lx6IohSsaS",
                            "kind": "Account",
                            "name": "Liza Gilman",
                            "username": "egilman.openshift",
                          },
                          "display_name": "test-liza",
                          "external_cluster_id": "bae5b227-2472-4e71-be4d-a18fc60bb48a",
                          "href": "/api/accounts_mgmt/v1/subscriptions/1msoogsgTLQ4PePjrTOt3UqvMzX",
                          "id": "1msoogsgTLQ4PePjrTOt3UqvMzX",
                          "kind": "Subscription",
                          "last_reconcile_date": "0001-01-01T00:00:00Z",
                          "last_released_at": "0001-01-01T00:00:00Z",
                          "last_telemetry_date": "2021-01-11T03:59:48.224585Z",
                          "managed": true,
                          "metrics": Array [
                            Object {
                              "HealthState": "healthy",
                              "cloud_provider": "aws",
                              "compute_nodes_cpu": Object {
                                "total": Object {
                                  "unit": "",
                                  "value": 24,
                                },
                                "updated_timestamp": "1970-01-01T00:00:00Z",
                                "used": Object {
                                  "unit": "",
                                  "value": 0,
                                },
                              },
                              "compute_nodes_memory": Object {
                                "total": Object {
                                  "unit": "B",
                                  "value": 98489344000,
                                },
                                "updated_timestamp": "1970-01-01T00:00:00Z",
                                "used": Object {
                                  "unit": "B",
                                  "value": 0,
                                },
                              },
                              "compute_nodes_sockets": Object {
                                "total": Object {
                                  "unit": "",
                                  "value": 0,
                                },
                                "updated_timestamp": "1970-01-01T00:00:00Z",
                                "used": Object {
                                  "unit": "",
                                  "value": 0,
                                },
                              },
                              "console_url": "https://console-openshift-console.apps.test-liza.wiex.s1.devshift.org",
                              "cpu": Object {
                                "total": Object {
                                  "unit": "",
                                  "value": 36,
                                },
                                "updated_timestamp": "2021-01-11T11:55:10.517Z",
                                "used": Object {
                                  "unit": "",
                                  "value": 3.8904761904758463,
                                },
                              },
                              "critical_alerts_firing": 0,
                              "memory": Object {
                                "total": Object {
                                  "unit": "B",
                                  "value": 147469647872,
                                },
                                "updated_timestamp": "2021-01-11T11:55:10.448Z",
                                "used": Object {
                                  "unit": "B",
                                  "value": 28802600960,
                                },
                              },
                              "nodes": Object {
                                "compute": 4,
                                "infra": 2,
                                "master": 3,
                                "total": 9,
                              },
                              "open_shift_version": "4.6.8",
                              "operating_system": "",
                              "operators_condition_failing": 0,
                              "region": "us-east-1",
                              "sockets": Object {
                                "total": Object {
                                  "unit": "",
                                  "value": 0,
                                },
                                "updated_timestamp": "1970-01-01T00:00:00Z",
                                "used": Object {
                                  "unit": "",
                                  "value": 0,
                                },
                              },
                              "state": "ready",
                              "state_description": "",
                              "storage": Object {
                                "total": Object {
                                  "unit": "B",
                                  "value": 0,
                                },
                                "updated_timestamp": "1970-01-01T00:00:00Z",
                                "used": Object {
                                  "unit": "B",
                                  "value": 0,
                                },
                              },
                              "subscription_cpu_total": 8,
                              "subscription_socket_total": 4,
                              "upgrade": Object {
                                "updated_timestamp": "2021-01-11T11:55:10.206Z",
                              },
                            },
                          ],
                          "organization_id": "1MKVU4otCIuogoLtgtyU6wajxjW",
                          "plan": Object {
                            "href": "/api/accounts_mgmt/v1/plans/OSD",
                            "id": "OSD",
                            "kind": "Plan",
                          },
                          "provenance": "Provisioning",
                          "region_id": "us-east-1",
                          "socket_total": 4,
                          "status": "Active",
                          "support_level": "Premium",
                          "updated_at": "2021-01-11T03:59:48.224622Z",
                        },
                        "upgrade_channel_group": "stable",
                        "version": Object {
                          "channel_group": "stable",
                          "href": "/api/clusters_mgmt/v1/versions/openshift-v4.6.8",
                          "id": "openshift-v4.6.8",
                          "kind": "Version",
                        },
                      }
                    }
                    hasQuota={false}
                    installedAddOn={null}
                    openModal={[MockFunction]}
                  />
                </DrawerPanelBody>
              </Tab>
            </Tabs>
          </div>
        </DrawerPanelContent>
      }
    >
      <DrawerContentBody>
        <Gallery
          hasGutter={true}
        >
          <Connect(AddOnsCard)
            addOn={
              Object {
                "description": "A collaborative Kubernetes-native development solution that delivers OpenShift workspaces and in-browser IDE for rapid cloud application development. This add-on installs PostgreSQL, Red Hat SSO, and the Red Hat CodeReady Workspaces server, as well as configures all three services.",
                "docs_link": "https://access.redhat.com/documentation/en-us/red_hat_codeready_workspaces",
                "enabled": true,
                "has_external_resources": false,
                "hidden": false,
                "href": "/api/clusters_mgmt/v1/addons/codeready-workspaces",
                "icon": "SNIPPED",
                "id": "codeready-workspaces",
                "install_mode": "single_namespace",
                "kind": "AddOn",
                "label": "api.openshift.com/addon-codeready-workspaces-operator",
                "name": "Red Hat CodeReady Workspaces",
                "operator_name": "crwoperator",
                "resource_cost": 0,
                "resource_name": "addon-crw-operator",
                "target_namespace": "codeready-workspaces-operator",
              }
            }
            key="codeready-workspaces"
            onClick={[Function]}
            requirements={
              Object {
                "errorMsgs": Array [],
                "fulfilled": true,
              }
            }
          />
          <Connect(AddOnsCard)
            addOn={
              Object {
                "description": "Red Hat managed integration, based on the integreatly project, is an opinionated installation of a number of independent middleware services and tools into an OpenShift Dedicated cluster.",
                "docs_link": "https://access.redhat.com/documentation/en-us/red_hat_managed_integration/2/",
                "enabled": true,
                "href": "/api/clusters_mgmt/v1/addons/managed-integration",
                "icon": null,
                "id": "managed-integration",
                "install_mode": "single_namespace",
                "kind": "AddOn",
                "label": "api.openshift.com/addon-managed-integration",
                "name": "Red Hat Managed Integration",
                "operator_name": "integreatly-operator",
                "parameters": Object {
                  "items": Array [
                    Object {
                      "description": "A block of IP addresses used by the RHMI installation program while installing the cluster",
                      "editable": false,
                      "id": "cidr-range",
                      "name": "CIDR Range",
                      "required": true,
                      "validation": "/^(([0-9]|[1-9][0-9]|1[0-9]{2}|2[0-4][0-9]|25[0-5]).){3}([0-9]|[1-9][0-9]|1[0-9]{2}|2[0-4][0-9]|25[0-5])(/(1[6-9]|2[0-6]))$/",
                      "value_type": "string",
                    },
                    Object {
                      "description": "Notification email address",
                      "editable": true,
                      "id": "notification-email",
                      "name": "Notification Email",
                      "required": false,
                      "validation": "/^w+([-+.']w+)*@w+([-.]w+)*.w+([-.]w+)*$/",
                      "value_type": "string",
                    },
                  ],
                },
                "resource_cost": 0.5,
                "resource_name": "managed-integration",
                "target_namespace": "redhat-rhmi-operator",
              }
            }
            key="managed-integration"
            onClick={[Function]}
            requirements={
              Object {
                "errorMsgs": Array [],
                "fulfilled": true,
              }
            }
          />
          <Connect(AddOnsCard)
            addOn={
              Object {
                "description": "Based on the open source Istio project, Red Hat OpenShift Service Mesh provides an easy way to create a network of deployed services that provides discovery, load balancing, service-to-service authentication, failure recovery, metrics, and monitoring.",
                "enabled": true,
                "href": "/api/clusters_mgmt/v1/addons/service-mesh",
                "icon": null,
                "id": "service-mesh",
                "install_mode": "single_namespace",
                "kind": "AddOn",
                "label": "api.openshift.com/addon-service-mesh",
                "name": "Red Hat OpenShift Service Mesh",
                "operator_name": "service-mesh-operator",
                "resource_cost": 1,
                "resource_name": "addon-service-mesh",
                "target_namespace": "redhat-service-mesh-operator",
              }
            }
            installedAddOn={
              Object {
                "addon": Object {
                  "id": "service-mesh",
                },
                "href": "/api/clusters_mgmt/v1/addons/service-mesh",
                "kind": "AddOnLink",
                "state": "ready",
              }
            }
            key="service-mesh"
            onClick={[Function]}
            requirements={
              Object {
                "errorMsgs": Array [],
                "fulfilled": true,
              }
            }
          />
          <Connect(AddOnsCard)
            addOn={
              Object {
                "description": "DBA Operator description",
                "enabled": true,
                "href": "/api/clusters_mgmt/v1/addons/dba-operator",
                "icon": null,
                "id": "dba-operator",
                "install_mode": "all_namespaces",
                "kind": "AddOn",
                "label": "api.openshift.com/addon-dba-operator",
                "name": "DBA Operator",
                "operator_name": "dba-operator",
                "resource_cost": 1,
                "resource_name": "addon-dba-operator",
                "target_namespace": "addon-dba-operator",
              }
            }
            key="dba-operator"
            onClick={[Function]}
            requirements={
              Object {
                "errorMsgs": Array [],
                "fulfilled": true,
              }
            }
          />
          <Connect(AddOnsCard)
            addOn={
              Object {
                "description": "Install and configure the integreatly suite of Software",
                "docs_link": "https://access.redhat.com/documentation/en-us/red_hat_managed_integration/2/",
                "enabled": true,
                "href": "/api/clusters_mgmt/v1/addons/integreatly",
                "icon": null,
                "id": "integreatly",
                "install_mode": "single_namespace",
                "kind": "AddOn",
                "label": "api.openshift.com/addon-integreatly-operator",
                "name": "Integreatly Operator",
                "operator_name": "integreatly-operator",
                "resource_cost": 1,
                "resource_name": "addon-rhmi-operator",
                "target_namespace": "redhat-rhmi-operator",
              }
            }
            key="integreatly"
            onClick={[Function]}
            requirements={
              Object {
                "errorMsgs": Array [],
                "fulfilled": true,
              }
            }
          />
          <Connect(AddOnsCard)
            addOn={
              Object {
                "description": "Manage Prow CRDs",
                "docs_link": "https://pkg.go.dev/k8s.io/test-infra/prow",
                "enabled": true,
                "href": "/api/clusters_mgmt/v1/addons/prow-operator",
                "icon": null,
                "id": "prow-operator",
                "install_mode": "single_namespace",
                "kind": "AddOn",
                "label": "api.openshift.com/addon-prow-operator",
                "name": "Prow Operator",
                "operator_name": "prow-operator",
                "resource_cost": 1,
                "resource_name": "addon-prow-operator",
                "target_namespace": "prow",
              }
            }
            key="prow-operator"
            onClick={[Function]}
            requirements={
              Object {
                "errorMsgs": Array [],
                "fulfilled": true,
              }
            }
          />
          <Connect(AddOnsCard)
            addOn={
              Object {
                "description": "The Cluster Logging Operator for OKD provides a means for configuring and managing your aggregated logging stack.",
                "enabled": true,
                "has_external_resources": true,
                "hidden": false,
                "href": "/api/clusters_mgmt/v1/addons/cluster-logging-operator",
                "icon": "SNIPPED",
                "id": "cluster-logging-operator",
                "install_mode": "single_namespace",
                "kind": "AddOn",
                "label": "api.openshift.com/addon-cluster-logging-operator",
                "name": "Red Hat OpenShift Cluster logging operator",
                "operator_name": "cluster-logging",
                "parameters": Object {
                  "items": Array [
                    Object {
                      "description": "Select this if you want to use AWS CloudWatch",
                      "editable": true,
                      "enabled": true,
                      "id": "use-cloudwatch",
                      "name": "Use AWS CloudWatch",
                      "required": true,
                      "value_type": "boolean",
                    },
                  ],
                },
                "resource_cost": 1,
                "resource_name": "addon-cluster-logging-operator",
                "target_namespace": "openshift-logging",
              }
            }
            key="cluster-logging-operator"
            onClick={[Function]}
            requirements={
              Object {
                "errorMsgs": Array [],
                "fulfilled": true,
              }
            }
          />
        </Gallery>
      </DrawerContentBody>
    </DrawerContent>
  </Drawer>
  <Connect(ReduxForm)
    clusterID="1i4counta3holamvo1g5tp6n8p3a03bq"
  />
  <Connect(AddOnsDeleteModal) />
</Fragment>
`;
